V3 3
FL "D:/Material de Tecsup/Tercer ciclo/Circuitos integrados/Lab 12/Aplicacion12/aplicacion12.vhd" 2016/06/06.23:35:20 P.68d
EN work/aplicacion12 1465274125 \
      FL "D:/Material de Tecsup/Tercer ciclo/Circuitos integrados/Lab 12/Aplicacion12/aplicacion12.vhd" \
      PB ieee/std_logic_1164 1370735607
AR work/aplicacion12/app12 1465274126 \
      FL "D:/Material de Tecsup/Tercer ciclo/Circuitos integrados/Lab 12/Aplicacion12/aplicacion12.vhd" \
      EN work/aplicacion12 1465274125
