V3 3
FL "D:/Material de Tecsup/Tercer ciclo/Circuitos integrados/labvhdl 2/semaforo/semaforo.vhd" 2016/05/30.23:32:09 P.68d
EN work/semaforo 1464669137 \
      FL "D:/Material de Tecsup/Tercer ciclo/Circuitos integrados/labvhdl 2/semaforo/semaforo.vhd" \
      PB ieee/std_logic_1164 1370735607
AR work/semaforo/rgb 1464669138 \
      FL "D:/Material de Tecsup/Tercer ciclo/Circuitos integrados/labvhdl 2/semaforo/semaforo.vhd" \
      EN work/semaforo 1464669137
