V3 3
FL "D:/Material de Tecsup/Tercer ciclo/Circuitos integrados/labvhdl 2/contador0a3/contador0a3.vhd" 2016/05/30.16:47:23 P.68d
EN work/contador0a3 1464644848 \
      FL "D:/Material de Tecsup/Tercer ciclo/Circuitos integrados/labvhdl 2/contador0a3/contador0a3.vhd" \
      PB ieee/std_logic_1164 1370735607
AR work/contador0a3/cuenta 1464644849 \
      FL "D:/Material de Tecsup/Tercer ciclo/Circuitos integrados/labvhdl 2/contador0a3/contador0a3.vhd" \
      EN work/contador0a3 1464644848
